# serializer version: 1
# name: test_get_info
  Info(
    automatic_backups=True,
    backups_dir='/root/.local/share/spoolman/backups',
    build_date=datetime.datetime(2024, 12, 1, 13, 55, 36, tzinfo=datetime.timezone.utc),
    data_dir='/root/.local/share/spoolman',
    db_type='sqlite',
    debug_mode=False,
    git_commit='053b20f',
    logs_dir='/root/.local/share/spoolman',
    version='0.21.0',
  )
# ---
